bash: line 6: .venv/bin/pytest: No such file or directory
